<?xml version="1.0" encoding="ISO-8859-1" ?>
<link_info>
   <banner>TI ARM Linker PC v20.2.7.LTS</banner>
   <copyright>Copyright (c) 1996-2018 Texas Instruments Incorporated</copyright>
   <link_time>0x670eb246</link_time>
   <link_errors>0x0</link_errors>
   <output_file>Final_RTOS_project.out</output_file>
   <entry_point>
      <name>_c_int00_noargs</name>
      <address>0x7715</address>
   </entry_point>
   <input_file_list>
      <input_file id="fl-2">
         <path>.\</path>
         <kind>object</kind>
         <file>main.obj</file>
         <name>main.obj</name>
      </input_file>
      <input_file id="fl-3">
         <path>.\</path>
         <kind>object</kind>
         <file>tm4c123gh6pm_startup_ccs.obj</file>
         <name>tm4c123gh6pm_startup_ccs.obj</name>
      </input_file>
      <input_file id="fl-4">
         <path>.\File_System\</path>
         <kind>object</kind>
         <file>DET.obj</file>
         <name>DET.obj</name>
      </input_file>
      <input_file id="fl-5">
         <path>.\HAL\ADC\</path>
         <kind>object</kind>
         <file>ARM_ADC_DRIVER.obj</file>
         <name>ARM_ADC_DRIVER.obj</name>
      </input_file>
      <input_file id="fl-6">
         <path>.\HAL\</path>
         <kind>object</kind>
         <file>BUTTON.obj</file>
         <name>BUTTON.obj</name>
      </input_file>
      <input_file id="fl-7">
         <path>.\HAL\</path>
         <kind>object</kind>
         <file>LED.obj</file>
         <name>LED.obj</name>
      </input_file>
      <input_file id="fl-8">
         <path>.\MCAL\GPIO\</path>
         <kind>object</kind>
         <file>GPIO_ARM_Driver.obj</file>
         <name>GPIO_ARM_Driver.obj</name>
      </input_file>
      <input_file id="fl-9">
         <path>.\MCAL\GPTM\</path>
         <kind>object</kind>
         <file>GPTM.obj</file>
         <name>GPTM.obj</name>
      </input_file>
      <input_file id="fl-a">
         <path>.\MCAL\UART\</path>
         <kind>object</kind>
         <file>uart0.obj</file>
         <name>uart0.obj</name>
      </input_file>
      <input_file id="fl-b">
         <path>.\Source\</path>
         <kind>object</kind>
         <file>event_groups.obj</file>
         <name>event_groups.obj</name>
      </input_file>
      <input_file id="fl-c">
         <path>.\Source\</path>
         <kind>object</kind>
         <file>list.obj</file>
         <name>list.obj</name>
      </input_file>
      <input_file id="fl-d">
         <path>.\Source\</path>
         <kind>object</kind>
         <file>queue.obj</file>
         <name>queue.obj</name>
      </input_file>
      <input_file id="fl-e">
         <path>.\Source\</path>
         <kind>object</kind>
         <file>tasks.obj</file>
         <name>tasks.obj</name>
      </input_file>
      <input_file id="fl-f">
         <path>.\Source\</path>
         <kind>object</kind>
         <file>timers.obj</file>
         <name>timers.obj</name>
      </input_file>
      <input_file id="fl-10">
         <path>.\Source\portable\CCS\ARM_CM4F\</path>
         <kind>object</kind>
         <file>port.obj</file>
         <name>port.obj</name>
      </input_file>
      <input_file id="fl-11">
         <path>.\Source\portable\CCS\ARM_CM4F\</path>
         <kind>object</kind>
         <file>portasm.obj</file>
         <name>portasm.obj</name>
      </input_file>
      <input_file id="fl-12">
         <path>.\Source\portable\MemMang\</path>
         <kind>object</kind>
         <file>heap_2.obj</file>
         <name>heap_2.obj</name>
      </input_file>
      <input_file id="fl-16">
         <kind>object</kind>
         <file>&lt;internal&gt;</file>
         <name>&lt;internal&gt;</name>
      </input_file>
      <input_file id="fl-cc">
         <path>E:\the c file of\ccs\tools\compiler\ti-cgt-arm_20.2.7.LTS\lib\</path>
         <kind>archive</kind>
         <file>rtsv7M4_T_le_v4SPD16_eabi.lib</file>
         <name>memcpy_t2.asm.obj</name>
      </input_file>
      <input_file id="fl-cd">
         <path>E:\the c file of\ccs\tools\compiler\ti-cgt-arm_20.2.7.LTS\lib\</path>
         <kind>archive</kind>
         <file>rtsv7M4_T_le_v4SPD16_eabi.lib</file>
         <name>memset_t2.asm.obj</name>
      </input_file>
      <input_file id="fl-ce">
         <path>E:\the c file of\ccs\tools\compiler\ti-cgt-arm_20.2.7.LTS\lib\</path>
         <kind>archive</kind>
         <file>rtsv7M4_T_le_v4SPD16_eabi.lib</file>
         <name>ll_div_t2.asm.obj</name>
      </input_file>
      <input_file id="fl-cf">
         <path>E:\the c file of\ccs\tools\compiler\ti-cgt-arm_20.2.7.LTS\lib\</path>
         <kind>archive</kind>
         <file>rtsv7M4_T_le_v4SPD16_eabi.lib</file>
         <name>ull_div_t2.asm.obj</name>
      </input_file>
      <input_file id="fl-d0">
         <path>E:\the c file of\ccs\tools\compiler\ti-cgt-arm_20.2.7.LTS\lib\</path>
         <kind>archive</kind>
         <file>rtsv7M4_T_le_v4SPD16_eabi.lib</file>
         <name>copy_zero_init.c.obj</name>
      </input_file>
      <input_file id="fl-d1">
         <path>E:\the c file of\ccs\tools\compiler\ti-cgt-arm_20.2.7.LTS\lib\</path>
         <kind>archive</kind>
         <file>rtsv7M4_T_le_v4SPD16_eabi.lib</file>
         <name>copy_decompress_none.c.obj</name>
      </input_file>
      <input_file id="fl-d2">
         <path>E:\the c file of\ccs\tools\compiler\ti-cgt-arm_20.2.7.LTS\lib\</path>
         <kind>archive</kind>
         <file>rtsv7M4_T_le_v4SPD16_eabi.lib</file>
         <name>copy_decompress_lzss.c.obj</name>
      </input_file>
      <input_file id="fl-d3">
         <path>E:\the c file of\ccs\tools\compiler\ti-cgt-arm_20.2.7.LTS\lib\</path>
         <kind>archive</kind>
         <file>rtsv7M4_T_le_v4SPD16_eabi.lib</file>
         <name>boot_cortex_m.c.obj</name>
      </input_file>
      <input_file id="fl-d4">
         <path>E:\the c file of\ccs\tools\compiler\ti-cgt-arm_20.2.7.LTS\lib\</path>
         <kind>archive</kind>
         <file>rtsv7M4_T_le_v4SPD16_eabi.lib</file>
         <name>div0.asm.obj</name>
      </input_file>
      <input_file id="fl-d5">
         <path>E:\the c file of\ccs\tools\compiler\ti-cgt-arm_20.2.7.LTS\lib\</path>
         <kind>archive</kind>
         <file>rtsv7M4_T_le_v4SPD16_eabi.lib</file>
         <name>autoinit.c.obj</name>
      </input_file>
      <input_file id="fl-d6">
         <path>E:\the c file of\ccs\tools\compiler\ti-cgt-arm_20.2.7.LTS\lib\</path>
         <kind>archive</kind>
         <file>rtsv7M4_T_le_v4SPD16_eabi.lib</file>
         <name>pre_init.c.obj</name>
      </input_file>
      <input_file id="fl-d7">
         <path>E:\the c file of\ccs\tools\compiler\ti-cgt-arm_20.2.7.LTS\lib\</path>
         <kind>archive</kind>
         <file>rtsv7M4_T_le_v4SPD16_eabi.lib</file>
         <name>cpy_tbl.c.obj</name>
      </input_file>
      <input_file id="fl-d8">
         <path>E:\the c file of\ccs\tools\compiler\ti-cgt-arm_20.2.7.LTS\lib\</path>
         <kind>archive</kind>
         <file>rtsv7M4_T_le_v4SPD16_eabi.lib</file>
         <name>exit.c.obj</name>
      </input_file>
      <input_file id="fl-d9">
         <path>E:\the c file of\ccs\tools\compiler\ti-cgt-arm_20.2.7.LTS\lib\</path>
         <kind>archive</kind>
         <file>rtsv7M4_T_le_v4SPD16_eabi.lib</file>
         <name>_lock.c.obj</name>
      </input_file>
      <input_file id="fl-da">
         <path>E:\the c file of\ccs\tools\compiler\ti-cgt-arm_20.2.7.LTS\lib\</path>
         <kind>archive</kind>
         <file>rtsv7M4_T_le_v4SPD16_eabi.lib</file>
         <name>args_main.c.obj</name>
      </input_file>
   </input_file_list>
   <object_component_list>
      <object_component id="oc-12">
         <name>.intvecs</name>
         <load_address>0x0</load_address>
         <run_address>0x0</run_address>
         <size>0x26c</size>
         <input_file_ref idref="fl-3"/>
      </object_component>
      <object_component id="oc-8b">
         <name>.text</name>
         <load_address>0x26c</load_address>
         <run_address>0x26c</run_address>
         <size>0x21ec</size>
         <input_file_ref idref="fl-e"/>
      </object_component>
      <object_component id="oc-3e">
         <name>.text</name>
         <load_address>0x2458</load_address>
         <run_address>0x2458</run_address>
         <size>0x16d4</size>
         <input_file_ref idref="fl-8"/>
      </object_component>
      <object_component id="oc-16e">
         <name>.text</name>
         <load_address>0x3b2c</load_address>
         <run_address>0x3b2c</run_address>
         <size>0x1052</size>
         <input_file_ref idref="fl-d"/>
      </object_component>
      <object_component id="oc-2af">
         <name>.text</name>
         <load_address>0x4b7e</load_address>
         <run_address>0x4b7e</run_address>
         <size>0x2</size>
         <input_file_ref idref="fl-d4"/>
      </object_component>
      <object_component id="oc-e7">
         <name>.text</name>
         <load_address>0x4b80</load_address>
         <run_address>0x4b80</run_address>
         <size>0xd8c</size>
         <input_file_ref idref="fl-2"/>
      </object_component>
      <object_component id="oc-118">
         <name>.text</name>
         <load_address>0x590c</load_address>
         <run_address>0x590c</run_address>
         <size>0x7bc</size>
         <input_file_ref idref="fl-f"/>
      </object_component>
      <object_component id="oc-17a">
         <name>.text</name>
         <load_address>0x60c8</load_address>
         <run_address>0x60c8</run_address>
         <size>0x4fe</size>
         <input_file_ref idref="fl-b"/>
      </object_component>
      <object_component id="oc-38">
         <name>.text</name>
         <load_address>0x65c8</load_address>
         <run_address>0x65c8</run_address>
         <size>0x3f8</size>
         <input_file_ref idref="fl-5"/>
      </object_component>
      <object_component id="oc-32">
         <name>.text</name>
         <load_address>0x69c0</load_address>
         <run_address>0x69c0</run_address>
         <size>0x2b4</size>
         <input_file_ref idref="fl-10"/>
      </object_component>
      <object_component id="oc-103">
         <name>.text</name>
         <load_address>0x6c74</load_address>
         <run_address>0x6c74</run_address>
         <size>0x28c</size>
         <input_file_ref idref="fl-12"/>
      </object_component>
      <object_component id="oc-195">
         <name>.text</name>
         <load_address>0x6f00</load_address>
         <run_address>0x6f00</run_address>
         <size>0x1c0</size>
         <input_file_ref idref="fl-a"/>
      </object_component>
      <object_component id="oc-109">
         <name>.text</name>
         <load_address>0x70c0</load_address>
         <run_address>0x70c0</run_address>
         <size>0x12a</size>
         <input_file_ref idref="fl-c"/>
      </object_component>
      <object_component id="oc-2d">
         <name>.text</name>
         <load_address>0x71ec</load_address>
         <run_address>0x71ec</run_address>
         <size>0xda</size>
         <input_file_ref idref="fl-11"/>
      </object_component>
      <object_component id="oc-189">
         <name>.text</name>
         <load_address>0x72c6</load_address>
         <run_address>0x72c6</run_address>
         <size>0xcc</size>
         <input_file_ref idref="fl-6"/>
      </object_component>
      <object_component id="oc-52">
         <name>.text</name>
         <load_address>0x7392</load_address>
         <run_address>0x7392</run_address>
         <size>0x9c</size>
         <input_file_ref idref="fl-cc"/>
      </object_component>
      <object_component id="oc-2b4">
         <name>.text</name>
         <load_address>0x742e</load_address>
         <run_address>0x742e</run_address>
         <size>0x96</size>
         <input_file_ref idref="fl-cf"/>
      </object_component>
      <object_component id="oc-db">
         <name>.text</name>
         <load_address>0x74c4</load_address>
         <run_address>0x74c4</run_address>
         <size>0x7a</size>
         <input_file_ref idref="fl-cd"/>
      </object_component>
      <object_component id="oc-25d">
         <name>.text</name>
         <load_address>0x753e</load_address>
         <run_address>0x753e</run_address>
         <size>0x6e</size>
         <input_file_ref idref="fl-ce"/>
      </object_component>
      <object_component id="oc-15">
         <name>.text:decompress:lzss:__TI_decompress_lzss</name>
         <load_address>0x75ac</load_address>
         <run_address>0x75ac</run_address>
         <size>0x68</size>
         <input_file_ref idref="fl-d2"/>
      </object_component>
      <object_component id="oc-18f">
         <name>.text</name>
         <load_address>0x7614</load_address>
         <run_address>0x7614</run_address>
         <size>0x66</size>
         <input_file_ref idref="fl-7"/>
      </object_component>
      <object_component id="oc-11e">
         <name>.text</name>
         <load_address>0x767c</load_address>
         <run_address>0x767c</run_address>
         <size>0x54</size>
         <input_file_ref idref="fl-9"/>
      </object_component>
      <object_component id="oc-1a9">
         <name>.text:__TI_auto_init_nobinit_nopinit:__TI_auto_init_nobinit_nopinit</name>
         <load_address>0x76d0</load_address>
         <run_address>0x76d0</run_address>
         <size>0x44</size>
         <input_file_ref idref="fl-d5"/>
      </object_component>
      <object_component id="oc-70">
         <name>.text:_c_int00_noargs:_c_int00_noargs</name>
         <load_address>0x7714</load_address>
         <run_address>0x7714</run_address>
         <size>0x34</size>
         <input_file_ref idref="fl-d3"/>
      </object_component>
      <object_component id="oc-174">
         <name>.text</name>
         <load_address>0x7748</load_address>
         <run_address>0x7748</run_address>
         <size>0x2c</size>
         <input_file_ref idref="fl-4"/>
      </object_component>
      <object_component id="oc-1b">
         <name>.text:decompress:none:__TI_decompress_none</name>
         <load_address>0x7774</load_address>
         <run_address>0x7774</run_address>
         <size>0xe</size>
         <input_file_ref idref="fl-d1"/>
      </object_component>
      <object_component id="oc-64">
         <name>.text:decompress:ZI:__TI_zero_init</name>
         <load_address>0x7782</load_address>
         <run_address>0x7782</run_address>
         <size>0xc</size>
         <input_file_ref idref="fl-d0"/>
      </object_component>
      <object_component id="oc-27">
         <name>.text</name>
         <load_address>0x778e</load_address>
         <run_address>0x778e</run_address>
         <size>0xc</size>
         <input_file_ref idref="fl-3"/>
      </object_component>
      <object_component id="oc-e1">
         <name>.text:_system_pre_init</name>
         <load_address>0x779a</load_address>
         <run_address>0x779a</run_address>
         <size>0x4</size>
         <input_file_ref idref="fl-d6"/>
      </object_component>
      <object_component id="oc-19d">
         <name>.text:abort:abort</name>
         <load_address>0x779e</load_address>
         <run_address>0x779e</run_address>
         <size>0x4</size>
         <input_file_ref idref="fl-d8"/>
      </object_component>
      <object_component id="oc-88">
         <name>.const</name>
         <load_address>0x77a4</load_address>
         <run_address>0x77a4</run_address>
         <size>0x8</size>
         <input_file_ref idref="fl-10"/>
      </object_component>
      <object_component id="oc-12a">
         <name>.const</name>
         <load_address>0x77ac</load_address>
         <run_address>0x77ac</run_address>
         <size>0x4</size>
         <input_file_ref idref="fl-e"/>
      </object_component>
      <object_component id="oc-319">
         <name>.cinit..data.load</name>
         <load_address>0x77b0</load_address>
         <run_address>0x77b0</run_address>
         <size>0x27</size>
      </object_component>
      <object_component id="oc-317">
         <name>__TI_handler_table</name>
         <load_address>0x77d8</load_address>
         <run_address>0x77d8</run_address>
         <size>0xc</size>
      </object_component>
      <object_component id="oc-31a">
         <name>.cinit..bss.load</name>
         <load_address>0x77e8</load_address>
         <run_address>0x77e8</run_address>
         <size>0x8</size>
      </object_component>
      <object_component id="oc-318">
         <name>__TI_cinit_table</name>
         <load_address>0x77f0</load_address>
         <run_address>0x77f0</run_address>
         <size>0x10</size>
      </object_component>
      <object_component id="oc-183">
         <name>.data:driverSeat</name>
         <load_address>0x20005eb4</load_address>
         <run_address>0x20005eb4</run_address>
         <size>0x28</size>
         <input_file_ref idref="fl-2"/>
      </object_component>
      <object_component id="oc-186">
         <name>.data:co_driverSeat</name>
         <load_address>0x20005e8c</load_address>
         <run_address>0x20005e8c</run_address>
         <size>0x28</size>
         <input_file_ref idref="fl-2"/>
      </object_component>
      <object_component id="oc-180">
         <name>.data</name>
         <load_address>0x20005f04</load_address>
         <run_address>0x20005f04</run_address>
         <size>0x8</size>
         <input_file_ref idref="fl-2"/>
      </object_component>
      <object_component id="oc-a6">
         <name>.data</name>
         <load_address>0x20005ef4</load_address>
         <run_address>0x20005ef4</run_address>
         <size>0x8</size>
         <input_file_ref idref="fl-5"/>
      </object_component>
      <object_component id="oc-b5">
         <name>.data</name>
         <load_address>0x20005f0c</load_address>
         <run_address>0x20005f0c</run_address>
         <size>0x4</size>
         <input_file_ref idref="fl-8"/>
      </object_component>
      <object_component id="oc-85">
         <name>.data</name>
         <load_address>0x20005e58</load_address>
         <run_address>0x20005e58</run_address>
         <size>0x34</size>
         <input_file_ref idref="fl-e"/>
      </object_component>
      <object_component id="oc-20c">
         <name>.data</name>
         <load_address>0x20005ee8</load_address>
         <run_address>0x20005ee8</run_address>
         <size>0xc</size>
         <input_file_ref idref="fl-f"/>
      </object_component>
      <object_component id="oc-92">
         <name>.data</name>
         <load_address>0x20005edc</load_address>
         <run_address>0x20005edc</run_address>
         <size>0xc</size>
         <input_file_ref idref="fl-10"/>
      </object_component>
      <object_component id="oc-1f6">
         <name>.data</name>
         <load_address>0x20005efc</load_address>
         <run_address>0x20005efc</run_address>
         <size>0x8</size>
         <input_file_ref idref="fl-12"/>
      </object_component>
      <object_component id="oc-10f">
         <name>.bss:pxReadyTasksLists</name>
         <uninitialized>true</uninitialized>
         <run_address>0x20005a84</run_address>
         <size>0x64</size>
         <input_file_ref idref="fl-e"/>
      </object_component>
      <object_component id="oc-132">
         <name>.bss:xDelayedTaskList1</name>
         <uninitialized>true</uninitialized>
         <run_address>0x20005bd0</run_address>
         <size>0x14</size>
         <input_file_ref idref="fl-e"/>
      </object_component>
      <object_component id="oc-135">
         <name>.bss:xDelayedTaskList2</name>
         <uninitialized>true</uninitialized>
         <run_address>0x20005be4</run_address>
         <size>0x14</size>
         <input_file_ref idref="fl-e"/>
      </object_component>
      <object_component id="oc-12d">
         <name>.bss</name>
         <uninitialized>true</uninitialized>
         <run_address>0x20005c34</run_address>
         <size>0x8</size>
         <input_file_ref idref="fl-e"/>
      </object_component>
      <object_component id="oc-124">
         <name>.bss:xPendingReadyList</name>
         <uninitialized>true</uninitialized>
         <run_address>0x20005bf8</run_address>
         <size>0x14</size>
         <input_file_ref idref="fl-e"/>
      </object_component>
      <object_component id="oc-112">
         <name>.bss:xTasksWaitingTermination</name>
         <uninitialized>true</uninitialized>
         <run_address>0x20005c20</run_address>
         <size>0x14</size>
         <input_file_ref idref="fl-e"/>
      </object_component>
      <object_component id="oc-115">
         <name>.bss:xSuspendedTaskList</name>
         <uninitialized>true</uninitialized>
         <run_address>0x20005c0c</run_address>
         <size>0x14</size>
         <input_file_ref idref="fl-e"/>
      </object_component>
      <object_component id="oc-212">
         <name>.bss:xActiveTimerList1</name>
         <uninitialized>true</uninitialized>
         <run_address>0x20005ba8</run_address>
         <size>0x14</size>
         <input_file_ref idref="fl-f"/>
      </object_component>
      <object_component id="oc-215">
         <name>.bss:xActiveTimerList2</name>
         <uninitialized>true</uninitialized>
         <run_address>0x20005bbc</run_address>
         <size>0x14</size>
         <input_file_ref idref="fl-f"/>
      </object_component>
      <object_component id="oc-20f">
         <name>.bss</name>
         <uninitialized>true</uninitialized>
         <run_address>0x20005c3c</run_address>
         <size>0x8</size>
         <input_file_ref idref="fl-f"/>
      </object_component>
      <object_component id="oc-1ff">
         <name>.bss:ucHeap</name>
         <uninitialized>true</uninitialized>
         <run_address>0x20000000</run_address>
         <size>0x5a84</size>
         <input_file_ref idref="fl-12"/>
      </object_component>
      <object_component id="oc-1f9">
         <name>.bss:xStart</name>
         <uninitialized>true</uninitialized>
         <run_address>0x20005c4c</run_address>
         <size>0x8</size>
         <input_file_ref idref="fl-12"/>
      </object_component>
      <object_component id="oc-1fc">
         <name>.bss:xEnd</name>
         <uninitialized>true</uninitialized>
         <run_address>0x20005c44</run_address>
         <size>0x8</size>
         <input_file_ref idref="fl-12"/>
      </object_component>
      <object_component id="oc-130">
         <name>.common:ullTasksOutTime</name>
         <uninitialized>true</uninitialized>
         <run_address>0x20005b48</run_address>
         <size>0x30</size>
      </object_component>
      <object_component id="oc-127">
         <name>.common:ullTasksInTime</name>
         <uninitialized>true</uninitialized>
         <run_address>0x20005b18</run_address>
         <size>0x30</size>
      </object_component>
      <object_component id="oc-131">
         <name>.common:ullTasksTotalTime</name>
         <uninitialized>true</uninitialized>
         <run_address>0x20005b78</run_address>
         <size>0x30</size>
      </object_component>
      <object_component id="oc-19b">
         <name>.common:ullTasksExecutionTime</name>
         <uninitialized>true</uninitialized>
         <run_address>0x20005ae8</run_address>
         <size>0x30</size>
      </object_component>
      <object_component id="oc-24">
         <name>.stack</name>
         <uninitialized>true</uninitialized>
         <run_address>0x20005c58</run_address>
         <size>0x4</size>
         <input_file_ref idref="fl-d3"/>
      </object_component>
      <object_component id="oc-31c">
         <name>.stack</name>
         <uninitialized>true</uninitialized>
         <run_address>0x20005c58</run_address>
         <size>0x0</size>
      </object_component>
      <object_component id="oc-128">
         <name>.debug_info</name>
         <load_address>0x0</load_address>
         <run_address>0x0</run_address>
         <size>0xd4f</size>
         <input_file_ref idref="fl-2"/>
      </object_component>
      <object_component id="oc-184">
         <name>.debug_info</name>
         <load_address>0xd4f</load_address>
         <run_address>0xd4f</run_address>
         <size>0xfe</size>
         <input_file_ref idref="fl-2"/>
      </object_component>
      <object_component id="oc-187">
         <name>.debug_info</name>
         <load_address>0xe4d</load_address>
         <run_address>0xe4d</run_address>
         <size>0x104</size>
         <input_file_ref idref="fl-2"/>
      </object_component>
      <object_component id="oc-181">
         <name>.debug_info</name>
         <load_address>0xf51</load_address>
         <run_address>0xf51</run_address>
         <size>0x14b</size>
         <input_file_ref idref="fl-2"/>
      </object_component>
      <object_component id="oc-e8">
         <name>.debug_info</name>
         <load_address>0x109c</load_address>
         <run_address>0x109c</run_address>
         <size>0x1807</size>
         <input_file_ref idref="fl-2"/>
      </object_component>
      <object_component id="oc-229">
         <name>.debug_info</name>
         <load_address>0x28a3</load_address>
         <run_address>0x28a3</run_address>
         <size>0x1cd</size>
         <input_file_ref idref="fl-2"/>
      </object_component>
      <object_component id="oc-aa">
         <name>.debug_info</name>
         <load_address>0x2a70</load_address>
         <run_address>0x2a70</run_address>
         <size>0xfd</size>
         <input_file_ref idref="fl-2"/>
      </object_component>
      <object_component id="oc-142">
         <name>.debug_info</name>
         <load_address>0x2b6d</load_address>
         <run_address>0x2b6d</run_address>
         <size>0x315</size>
         <input_file_ref idref="fl-2"/>
      </object_component>
      <object_component id="oc-b9">
         <name>.debug_info</name>
         <load_address>0x2e82</load_address>
         <run_address>0x2e82</run_address>
         <size>0x12b</size>
         <input_file_ref idref="fl-2"/>
      </object_component>
      <object_component id="oc-c1">
         <name>.debug_info</name>
         <load_address>0x2fad</load_address>
         <run_address>0x2fad</run_address>
         <size>0x26b</size>
         <input_file_ref idref="fl-2"/>
      </object_component>
      <object_component id="oc-14c">
         <name>.debug_info</name>
         <load_address>0x3218</load_address>
         <run_address>0x3218</run_address>
         <size>0x3f8</size>
         <input_file_ref idref="fl-2"/>
      </object_component>
      <object_component id="oc-22e">
         <name>.debug_info</name>
         <load_address>0x3610</load_address>
         <run_address>0x3610</run_address>
         <size>0x42</size>
         <input_file_ref idref="fl-2"/>
      </object_component>
      <object_component id="oc-233">
         <name>.debug_info</name>
         <load_address>0x3652</load_address>
         <run_address>0x3652</run_address>
         <size>0x4f</size>
         <input_file_ref idref="fl-2"/>
      </object_component>
      <object_component id="oc-251">
         <name>.debug_info</name>
         <load_address>0x36a1</load_address>
         <run_address>0x36a1</run_address>
         <size>0x2c</size>
         <input_file_ref idref="fl-2"/>
      </object_component>
      <object_component id="oc-4d">
         <name>.debug_info</name>
         <load_address>0x36cd</load_address>
         <run_address>0x36cd</run_address>
         <size>0x84</size>
         <input_file_ref idref="fl-2"/>
      </object_component>
      <object_component id="oc-97">
         <name>.debug_info</name>
         <load_address>0x3751</load_address>
         <run_address>0x3751</run_address>
         <size>0x2c</size>
         <input_file_ref idref="fl-2"/>
      </object_component>
      <object_component id="oc-1dd">
         <name>.debug_info</name>
         <load_address>0x377d</load_address>
         <run_address>0x377d</run_address>
         <size>0x4f</size>
         <input_file_ref idref="fl-2"/>
      </object_component>
      <object_component id="oc-151">
         <name>.debug_info</name>
         <load_address>0x37cc</load_address>
         <run_address>0x37cc</run_address>
         <size>0x2a4</size>
         <input_file_ref idref="fl-2"/>
      </object_component>
      <object_component id="oc-a1">
         <name>.debug_info</name>
         <load_address>0x3a70</load_address>
         <run_address>0x3a70</run_address>
         <size>0xbb</size>
         <input_file_ref idref="fl-2"/>
      </object_component>
      <object_component id="oc-af">
         <name>.debug_info</name>
         <load_address>0x3b2b</load_address>
         <run_address>0x3b2b</run_address>
         <size>0xae</size>
         <input_file_ref idref="fl-2"/>
      </object_component>
      <object_component id="oc-13d">
         <name>.debug_info</name>
         <load_address>0x3bd9</load_address>
         <run_address>0x3bd9</run_address>
         <size>0x53</size>
         <input_file_ref idref="fl-2"/>
      </object_component>
      <object_component id="oc-9c">
         <name>.debug_info</name>
         <load_address>0x3c2c</load_address>
         <run_address>0x3c2c</run_address>
         <size>0x53</size>
         <input_file_ref idref="fl-2"/>
      </object_component>
      <object_component id="oc-147">
         <name>.debug_info</name>
         <load_address>0x3c7f</load_address>
         <run_address>0x3c7f</run_address>
         <size>0x14c</size>
         <input_file_ref idref="fl-2"/>
      </object_component>
      <object_component id="oc-46">
         <name>.debug_info</name>
         <load_address>0x3dcb</load_address>
         <run_address>0x3dcb</run_address>
         <size>0x3d1</size>
         <input_file_ref idref="fl-3"/>
      </object_component>
      <object_component id="oc-13">
         <name>.debug_info</name>
         <load_address>0x419c</load_address>
         <run_address>0x419c</run_address>
         <size>0x116</size>
         <input_file_ref idref="fl-3"/>
      </object_component>
      <object_component id="oc-28">
         <name>.debug_info</name>
         <load_address>0x42b2</load_address>
         <run_address>0x42b2</run_address>
         <size>0x292</size>
         <input_file_ref idref="fl-3"/>
      </object_component>
      <object_component id="oc-175">
         <name>.debug_info</name>
         <load_address>0x4544</load_address>
         <run_address>0x4544</run_address>
         <size>0x1b3</size>
         <input_file_ref idref="fl-4"/>
      </object_component>
      <object_component id="oc-b4">
         <name>.debug_info</name>
         <load_address>0x46f7</load_address>
         <run_address>0x46f7</run_address>
         <size>0x297</size>
         <input_file_ref idref="fl-5"/>
      </object_component>
      <object_component id="oc-a7">
         <name>.debug_info</name>
         <load_address>0x498e</load_address>
         <run_address>0x498e</run_address>
         <size>0x14f</size>
         <input_file_ref idref="fl-5"/>
      </object_component>
      <object_component id="oc-39">
         <name>.debug_info</name>
         <load_address>0x4add</load_address>
         <run_address>0x4add</run_address>
         <size>0x82e</size>
         <input_file_ref idref="fl-5"/>
      </object_component>
      <object_component id="oc-25b">
         <name>.debug_info</name>
         <load_address>0x530b</load_address>
         <run_address>0x530b</run_address>
         <size>0x3fb</size>
         <input_file_ref idref="fl-6"/>
      </object_component>
      <object_component id="oc-18c">
         <name>.debug_info</name>
         <load_address>0x5706</load_address>
         <run_address>0x5706</run_address>
         <size>0x65e</size>
         <input_file_ref idref="fl-6"/>
      </object_component>
      <object_component id="oc-192">
         <name>.debug_info</name>
         <load_address>0x5d64</load_address>
         <run_address>0x5d64</run_address>
         <size>0x406</size>
         <input_file_ref idref="fl-7"/>
      </object_component>
      <object_component id="oc-be">
         <name>.debug_info</name>
         <load_address>0x616a</load_address>
         <run_address>0x616a</run_address>
         <size>0x29a</size>
         <input_file_ref idref="fl-8"/>
      </object_component>
      <object_component id="oc-b6">
         <name>.debug_info</name>
         <load_address>0x6404</load_address>
         <run_address>0x6404</run_address>
         <size>0x122</size>
         <input_file_ref idref="fl-8"/>
      </object_component>
      <object_component id="oc-41">
         <name>.debug_info</name>
         <load_address>0x6526</load_address>
         <run_address>0x6526</run_address>
         <size>0xa72</size>
         <input_file_ref idref="fl-8"/>
      </object_component>
      <object_component id="oc-121">
         <name>.debug_info</name>
         <load_address>0x6f98</load_address>
         <run_address>0x6f98</run_address>
         <size>0x1bd</size>
         <input_file_ref idref="fl-9"/>
      </object_component>
      <object_component id="oc-263">
         <name>.debug_info</name>
         <load_address>0x7155</load_address>
         <run_address>0x7155</run_address>
         <size>0x297</size>
         <input_file_ref idref="fl-a"/>
      </object_component>
      <object_component id="oc-198">
         <name>.debug_info</name>
         <load_address>0x73ec</load_address>
         <run_address>0x73ec</run_address>
         <size>0x497</size>
         <input_file_ref idref="fl-a"/>
      </object_component>
      <object_component id="oc-24e">
         <name>.debug_info</name>
         <load_address>0x7883</load_address>
         <run_address>0x7883</run_address>
         <size>0x6a8</size>
         <input_file_ref idref="fl-b"/>
      </object_component>
      <object_component id="oc-17b">
         <name>.debug_info</name>
         <load_address>0x7f2b</load_address>
         <run_address>0x7f2b</run_address>
         <size>0x1302</size>
         <input_file_ref idref="fl-b"/>
      </object_component>
      <object_component id="oc-1e2">
         <name>.debug_info</name>
         <load_address>0x922d</load_address>
         <run_address>0x922d</run_address>
         <size>0x110</size>
         <input_file_ref idref="fl-b"/>
      </object_component>
      <object_component id="oc-1f1">
         <name>.debug_info</name>
         <load_address>0x933d</load_address>
         <run_address>0x933d</run_address>
         <size>0x3f8</size>
         <input_file_ref idref="fl-b"/>
      </object_component>
      <object_component id="oc-2a8">
         <name>.debug_info</name>
         <load_address>0x9735</load_address>
         <run_address>0x9735</run_address>
         <size>0x62</size>
         <input_file_ref idref="fl-b"/>
      </object_component>
      <object_component id="oc-249">
         <name>.debug_info</name>
         <load_address>0x9797</load_address>
         <run_address>0x9797</run_address>
         <size>0x39</size>
         <input_file_ref idref="fl-b"/>
      </object_component>
      <object_component id="oc-205">
         <name>.debug_info</name>
         <load_address>0x97d0</load_address>
         <run_address>0x97d0</run_address>
         <size>0x3a6</size>
         <input_file_ref idref="fl-c"/>
      </object_component>
      <object_component id="oc-10b">
         <name>.debug_info</name>
         <load_address>0x9b76</load_address>
         <run_address>0x9b76</run_address>
         <size>0x4bc</size>
         <input_file_ref idref="fl-c"/>
      </object_component>
      <object_component id="oc-246">
         <name>.debug_info</name>
         <load_address>0xa032</load_address>
         <run_address>0xa032</run_address>
         <size>0x90c</size>
         <input_file_ref idref="fl-d"/>
      </object_component>
      <object_component id="oc-16f">
         <name>.debug_info</name>
         <load_address>0xa93e</load_address>
         <run_address>0xa93e</run_address>
         <size>0x317a</size>
         <input_file_ref idref="fl-d"/>
      </object_component>
      <object_component id="oc-2a1">
         <name>.debug_info</name>
         <load_address>0xdab8</load_address>
         <run_address>0xdab8</run_address>
         <size>0x1c7</size>
         <input_file_ref idref="fl-d"/>
      </object_component>
      <object_component id="oc-241">
         <name>.debug_info</name>
         <load_address>0xdc7f</load_address>
         <run_address>0xdc7f</run_address>
         <size>0x46</size>
         <input_file_ref idref="fl-d"/>
      </object_component>
      <object_component id="oc-1e7">
         <name>.debug_info</name>
         <load_address>0xdcc5</load_address>
         <run_address>0xdcc5</run_address>
         <size>0x35</size>
         <input_file_ref idref="fl-d"/>
      </object_component>
      <object_component id="oc-fb">
         <name>.debug_info</name>
         <load_address>0xdcfa</load_address>
         <run_address>0xdcfa</run_address>
         <size>0x8bd</size>
         <input_file_ref idref="fl-e"/>
      </object_component>
      <object_component id="oc-86">
         <name>.debug_info</name>
         <load_address>0xe5b7</load_address>
         <run_address>0xe5b7</run_address>
         <size>0x36b</size>
         <input_file_ref idref="fl-e"/>
      </object_component>
      <object_component id="oc-110">
         <name>.debug_info</name>
         <load_address>0xe922</load_address>
         <run_address>0xe922</run_address>
         <size>0x114</size>
         <input_file_ref idref="fl-e"/>
      </object_component>
      <object_component id="oc-133">
         <name>.debug_info</name>
         <load_address>0xea36</load_address>
         <run_address>0xea36</run_address>
         <size>0x114</size>
         <input_file_ref idref="fl-e"/>
      </object_component>
      <object_component id="oc-136">
         <name>.debug_info</name>
         <load_address>0xeb4a</load_address>
         <run_address>0xeb4a</run_address>
         <size>0x114</size>
         <input_file_ref idref="fl-e"/>
      </object_component>
      <object_component id="oc-12e">
         <name>.debug_info</name>
         <load_address>0xec5e</load_address>
         <run_address>0xec5e</run_address>
         <size>0x157</size>
         <input_file_ref idref="fl-e"/>
      </object_component>
      <object_component id="oc-125">
         <name>.debug_info</name>
         <load_address>0xedb5</load_address>
         <run_address>0xedb5</run_address>
         <size>0x114</size>
         <input_file_ref idref="fl-e"/>
      </object_component>
      <object_component id="oc-113">
         <name>.debug_info</name>
         <load_address>0xeec9</load_address>
         <run_address>0xeec9</run_address>
         <size>0x122</size>
         <input_file_ref idref="fl-e"/>
      </object_component>
      <object_component id="oc-116">
         <name>.debug_info</name>
         <load_address>0xefeb</load_address>
         <run_address>0xefeb</run_address>
         <size>0x116</size>
         <input_file_ref idref="fl-e"/>
      </object_component>
      <object_component id="oc-12b">
         <name>.debug_info</name>
         <load_address>0xf101</load_address>
         <run_address>0xf101</run_address>
         <size>0x115</size>
         <input_file_ref idref="fl-e"/>
      </object_component>
      <object_component id="oc-8d">
         <name>.debug_info</name>
         <load_address>0xf216</load_address>
         <run_address>0xf216</run_address>
         <size>0x4933</size>
         <input_file_ref idref="fl-e"/>
      </object_component>
      <object_component id="oc-fc">
         <name>.debug_info</name>
         <load_address>0x13b49</load_address>
         <run_address>0x13b49</run_address>
         <size>0x30c</size>
         <input_file_ref idref="fl-e"/>
      </object_component>
      <object_component id="oc-1ec">
         <name>.debug_info</name>
         <load_address>0x13e55</load_address>
         <run_address>0x13e55</run_address>
         <size>0x130</size>
         <input_file_ref idref="fl-e"/>
      </object_component>
      <object_component id="oc-21e">
         <name>.debug_info</name>
         <load_address>0x13f85</load_address>
         <run_address>0x13f85</run_address>
         <size>0x857</size>
         <input_file_ref idref="fl-f"/>
      </object_component>
      <object_component id="oc-213">
         <name>.debug_info</name>
         <load_address>0x147dc</load_address>
         <run_address>0x147dc</run_address>
         <size>0x114</size>
         <input_file_ref idref="fl-f"/>
      </object_component>
      <object_component id="oc-216">
         <name>.debug_info</name>
         <load_address>0x148f0</load_address>
         <run_address>0x148f0</run_address>
         <size>0x114</size>
         <input_file_ref idref="fl-f"/>
      </object_component>
      <object_component id="oc-210">
         <name>.debug_info</name>
         <load_address>0x14a04</load_address>
         <run_address>0x14a04</run_address>
         <size>0x14c</size>
         <input_file_ref idref="fl-f"/>
      </object_component>
      <object_component id="oc-20d">
         <name>.debug_info</name>
         <load_address>0x14b50</load_address>
         <run_address>0x14b50</run_address>
         <size>0x138</size>
         <input_file_ref idref="fl-f"/>
      </object_component>
      <object_component id="oc-119">
         <name>.debug_info</name>
         <load_address>0x14c88</load_address>
         <run_address>0x14c88</run_address>
         <size>0x21fb</size>
         <input_file_ref idref="fl-f"/>
      </object_component>
      <object_component id="oc-21f">
         <name>.debug_info</name>
         <load_address>0x16e83</load_address>
         <run_address>0x16e83</run_address>
         <size>0x1ce</size>
         <input_file_ref idref="fl-f"/>
      </object_component>
      <object_component id="oc-219">
         <name>.debug_info</name>
         <load_address>0x17051</load_address>
         <run_address>0x17051</run_address>
         <size>0x46</size>
         <input_file_ref idref="fl-f"/>
      </object_component>
      <object_component id="oc-96">
         <name>.debug_info</name>
         <load_address>0x17097</load_address>
         <run_address>0x17097</run_address>
         <size>0x48d</size>
         <input_file_ref idref="fl-10"/>
      </object_component>
      <object_component id="oc-89">
         <name>.debug_info</name>
         <load_address>0x17524</load_address>
         <run_address>0x17524</run_address>
         <size>0x189</size>
         <input_file_ref idref="fl-10"/>
      </object_component>
      <object_component id="oc-93">
         <name>.debug_info</name>
         <load_address>0x176ad</load_address>
         <run_address>0x176ad</run_address>
         <size>0x194</size>
         <input_file_ref idref="fl-10"/>
      </object_component>
      <object_component id="oc-33">
         <name>.debug_info</name>
         <load_address>0x17841</load_address>
         <run_address>0x17841</run_address>
         <size>0x87e</size>
         <input_file_ref idref="fl-10"/>
      </object_component>
      <object_component id="oc-2f">
         <name>.debug_info</name>
         <load_address>0x180bf</load_address>
         <run_address>0x180bf</run_address>
         <size>0x276</size>
         <input_file_ref idref="fl-11"/>
      </object_component>
      <object_component id="oc-203">
         <name>.debug_info</name>
         <load_address>0x18335</load_address>
         <run_address>0x18335</run_address>
         <size>0x47d</size>
         <input_file_ref idref="fl-12"/>
      </object_component>
      <object_component id="oc-200">
         <name>.debug_info</name>
         <load_address>0x187b2</load_address>
         <run_address>0x187b2</run_address>
         <size>0x10f</size>
         <input_file_ref idref="fl-12"/>
      </object_component>
      <object_component id="oc-1fa">
         <name>.debug_info</name>
         <load_address>0x188c1</load_address>
         <run_address>0x188c1</run_address>
         <size>0x10f</size>
         <input_file_ref idref="fl-12"/>
      </object_component>
      <object_component id="oc-1fd">
         <name>.debug_info</name>
         <load_address>0x189d0</load_address>
         <run_address>0x189d0</run_address>
         <size>0x10b</size>
         <input_file_ref idref="fl-12"/>
      </object_component>
      <object_component id="oc-1f7">
         <name>.debug_info</name>
         <load_address>0x18adb</load_address>
         <run_address>0x18adb</run_address>
         <size>0x129</size>
         <input_file_ref idref="fl-12"/>
      </object_component>
      <object_component id="oc-105">
         <name>.debug_info</name>
         <load_address>0x18c04</load_address>
         <run_address>0x18c04</run_address>
         <size>0x7e1</size>
         <input_file_ref idref="fl-12"/>
      </object_component>
      <object_component id="oc-288">
         <name>.debug_info</name>
         <load_address>0x193e5</load_address>
         <run_address>0x193e5</run_address>
         <size>0x62</size>
         <input_file_ref idref="fl-12"/>
      </object_component>
      <object_component id="oc-53">
         <name>.debug_info</name>
         <load_address>0x19447</load_address>
         <run_address>0x19447</run_address>
         <size>0x119</size>
         <input_file_ref idref="fl-cc"/>
      </object_component>
      <object_component id="oc-dc">
         <name>.debug_info</name>
         <load_address>0x19560</load_address>
         <run_address>0x19560</run_address>
         <size>0x147</size>
         <input_file_ref idref="fl-cd"/>
      </object_component>
      <object_component id="oc-25e">
         <name>.debug_info</name>
         <load_address>0x196a7</load_address>
         <run_address>0x196a7</run_address>
         <size>0x13f</size>
         <input_file_ref idref="fl-ce"/>
      </object_component>
      <object_component id="oc-2b6">
         <name>.debug_info</name>
         <load_address>0x197e6</load_address>
         <run_address>0x197e6</run_address>
         <size>0x134</size>
         <input_file_ref idref="fl-cf"/>
      </object_component>
      <object_component id="oc-da">
         <name>.debug_info</name>
         <load_address>0x1991a</load_address>
         <run_address>0x1991a</run_address>
         <size>0x2d4</size>
         <input_file_ref idref="fl-d0"/>
      </object_component>
      <object_component id="oc-67">
         <name>.debug_info</name>
         <load_address>0x19bee</load_address>
         <run_address>0x19bee</run_address>
         <size>0x1b5</size>
         <input_file_ref idref="fl-d0"/>
      </object_component>
      <object_component id="oc-d5">
         <name>.debug_info</name>
         <load_address>0x19da3</load_address>
         <run_address>0x19da3</run_address>
         <size>0x46</size>
         <input_file_ref idref="fl-d0"/>
      </object_component>
      <object_component id="oc-165">
         <name>.debug_info</name>
         <load_address>0x19de9</load_address>
         <run_address>0x19de9</run_address>
         <size>0x2c</size>
         <input_file_ref idref="fl-d0"/>
      </object_component>
      <object_component id="oc-5d">
         <name>.debug_info</name>
         <load_address>0x19e15</load_address>
         <run_address>0x19e15</run_address>
         <size>0x2a8</size>
         <input_file_ref idref="fl-d1"/>
      </object_component>
      <object_component id="oc-1c">
         <name>.debug_info</name>
         <load_address>0x1a0bd</load_address>
         <run_address>0x1a0bd</run_address>
         <size>0x1ea</size>
         <input_file_ref idref="fl-d1"/>
      </object_component>
      <object_component id="oc-58">
         <name>.debug_info</name>
         <load_address>0x1a2a7</load_address>
         <run_address>0x1a2a7</run_address>
         <size>0x46</size>
         <input_file_ref idref="fl-d1"/>
      </object_component>
      <object_component id="oc-cd">
         <name>.debug_info</name>
         <load_address>0x1a2ed</load_address>
         <run_address>0x1a2ed</run_address>
         <size>0x2c</size>
         <input_file_ref idref="fl-d1"/>
      </object_component>
      <object_component id="oc-cb">
         <name>.debug_info</name>
         <load_address>0x1a319</load_address>
         <run_address>0x1a319</run_address>
         <size>0x29e</size>
         <input_file_ref idref="fl-d2"/>
      </object_component>
      <object_component id="oc-17">
         <name>.debug_info</name>
         <load_address>0x1a5b7</load_address>
         <run_address>0x1a5b7</run_address>
         <size>0x250</size>
         <input_file_ref idref="fl-d2"/>
      </object_component>
      <object_component id="oc-48">
         <name>.debug_info</name>
         <load_address>0x1a807</load_address>
         <run_address>0x1a807</run_address>
         <size>0x60</size>
         <input_file_ref idref="fl-d2"/>
      </object_component>
      <object_component id="oc-15e">
         <name>.debug_info</name>
         <load_address>0x1a867</load_address>
         <run_address>0x1a867</run_address>
         <size>0x46</size>
         <input_file_ref idref="fl-d2"/>
      </object_component>
      <object_component id="oc-c6">
         <name>.debug_info</name>
         <load_address>0x1a8ad</load_address>
         <run_address>0x1a8ad</run_address>
         <size>0x39</size>
         <input_file_ref idref="fl-d2"/>
      </object_component>
      <object_component id="oc-25">
         <name>.debug_info</name>
         <load_address>0x1a8e6</load_address>
         <run_address>0x1a8e6</run_address>
         <size>0x10b</size>
         <input_file_ref idref="fl-d3"/>
      </object_component>
      <object_component id="oc-71">
         <name>.debug_info</name>
         <load_address>0x1a9f1</load_address>
         <run_address>0x1a9f1</run_address>
         <size>0x1a9</size>
         <input_file_ref idref="fl-d3"/>
      </object_component>
      <object_component id="oc-2b2">
         <name>.debug_info</name>
         <load_address>0x1ab9a</load_address>
         <run_address>0x1ab9a</run_address>
         <size>0x115</size>
         <input_file_ref idref="fl-d4"/>
      </object_component>
      <object_component id="oc-26f">
         <name>.debug_info</name>
         <load_address>0x1acaf</load_address>
         <run_address>0x1acaf</run_address>
         <size>0x4b3</size>
         <input_file_ref idref="fl-d5"/>
      </object_component>
      <object_component id="oc-1ac">
         <name>.debug_info</name>
         <load_address>0x1b162</load_address>
         <run_address>0x1b162</run_address>
         <size>0x1a6</size>
         <input_file_ref idref="fl-d5"/>
      </object_component>
      <object_component id="oc-2cc">
         <name>.debug_info</name>
         <load_address>0x1b308</load_address>
         <run_address>0x1b308</run_address>
         <size>0x39</size>
         <input_file_ref idref="fl-d5"/>
      </object_component>
      <object_component id="oc-2e2">
         <name>.debug_info</name>
         <load_address>0x1b341</load_address>
         <run_address>0x1b341</run_address>
         <size>0x39</size>
         <input_file_ref idref="fl-d5"/>
      </object_component>
      <object_component id="oc-2d1">
         <name>.debug_info</name>
         <load_address>0x1b37a</load_address>
         <run_address>0x1b37a</run_address>
         <size>0x39</size>
         <input_file_ref idref="fl-d5"/>
      </object_component>
      <object_component id="oc-2d6">
         <name>.debug_info</name>
         <load_address>0x1b3b3</load_address>
         <run_address>0x1b3b3</run_address>
         <size>0xcd</size>
         <input_file_ref idref="fl-d5"/>
      </object_component>
      <object_component id="oc-e3">
         <name>.debug_info</name>
         <load_address>0x1b480</load_address>
         <run_address>0x1b480</run_address>
         <size>0x153</size>
         <input_file_ref idref="fl-d6"/>
      </object_component>
      <object_component id="oc-1a1">
         <name>.debug_info</name>
         <load_address>0x1b5d3</load_address>
         <run_address>0x1b5d3</run_address>
         <size>0x122</size>
         <input_file_ref idref="fl-d8"/>
      </object_component>
      <object_component id="oc-31d">
         <name>.debug_info</name>
         <load_address>0x1b6f5</load_address>
         <run_address>0x1b6f5</run_address>
         <size>0xc9</size>
      </object_component>
      <object_component id="oc-228">
         <name>.debug_line</name>
         <load_address>0x0</load_address>
         <run_address>0x0</run_address>
         <size>0x4c6</size>
         <input_file_ref idref="fl-2"/>
      </object_component>
      <object_component id="oc-257">
         <name>.debug_line</name>
         <load_address>0x4c6</load_address>
         <run_address>0x4c6</run_address>
         <size>0x8e</size>
         <input_file_ref idref="fl-2"/>
      </object_component>
      <object_component id="oc-259">
         <name>.debug_line</name>
         <load_address>0x554</load_address>
         <run_address>0x554</run_address>
         <size>0x8e</size>
         <input_file_ref idref="fl-2"/>
      </object_component>
      <object_component id="oc-250">
         <name>.debug_line</name>
         <load_address>0x5e2</load_address>
         <run_address>0x5e2</run_address>
         <size>0x8e</size>
         <input_file_ref idref="fl-2"/>
      </object_component>
      <object_component id="oc-ec">
         <name>.debug_line</name>
         <load_address>0x670</load_address>
         <run_address>0x670</run_address>
         <size>0x51b</size>
         <input_file_ref idref="fl-2"/>
      </object_component>
      <object_component id="oc-22c">
         <name>.debug_line</name>
         <load_address>0xb8b</load_address>
         <run_address>0xb8b</run_address>
         <size>0x8e</size>
         <input_file_ref idref="fl-2"/>
      </object_component>
      <object_component id="oc-ad">
         <name>.debug_line</name>
         <load_address>0xc19</load_address>
         <run_address>0xc19</run_address>
         <size>0x91</size>
         <input_file_ref idref="fl-2"/>
      </object_component>
      <object_component id="oc-145">
         <name>.debug_line</name>
         <load_address>0xcaa</load_address>
         <run_address>0xcaa</run_address>
         <size>0x8e</size>
         <input_file_ref idref="fl-2"/>
      </object_component>
      <object_component id="oc-bc">
         <name>.debug_line</name>
         <load_address>0xd38</load_address>
         <run_address>0xd38</run_address>
         <size>0x94</size>
         <input_file_ref idref="fl-2"/>
      </object_component>
      <object_component id="oc-c4">
         <name>.debug_line</name>
         <load_address>0xdcc</load_address>
         <run_address>0xdcc</run_address>
         <size>0x72</size>
         <input_file_ref idref="fl-2"/>
      </object_component>
      <object_component id="oc-14f">
         <name>.debug_line</name>
         <load_address>0xe3e</load_address>
         <run_address>0xe3e</run_address>
         <size>0x92</size>
         <input_file_ref idref="fl-2"/>
      </object_component>
      <object_component id="oc-231">
         <name>.debug_line</name>
         <load_address>0xed0</load_address>
         <run_address>0xed0</run_address>
         <size>0x96</size>
         <input_file_ref idref="fl-2"/>
      </object_component>
      <object_component id="oc-236">
         <name>.debug_line</name>
         <load_address>0xf66</load_address>
         <run_address>0xf66</run_address>
         <size>0x8f</size>
         <input_file_ref idref="fl-2"/>
      </object_component>
      <object_component id="oc-254">
         <name>.debug_line</name>
         <load_address>0xff5</load_address>
         <run_address>0xff5</run_address>
         <size>0x90</size>
         <input_file_ref idref="fl-2"/>
      </object_component>
      <object_component id="oc-50">
         <name>.debug_line</name>
         <load_address>0x1085</load_address>
         <run_address>0x1085</run_address>
         <size>0x20</size>
         <input_file_ref idref="fl-2"/>
      </object_component>
      <object_component id="oc-9a">
         <name>.debug_line</name>
         <load_address>0x10a5</load_address>
         <run_address>0x10a5</run_address>
         <size>0x92</size>
         <input_file_ref idref="fl-2"/>
      </object_component>
      <object_component id="oc-1e0">
         <name>.debug_line</name>
         <load_address>0x1137</load_address>
         <run_address>0x1137</run_address>
         <size>0x90</size>
         <input_file_ref idref="fl-2"/>
      </object_component>
      <object_component id="oc-154">
         <name>.debug_line</name>
         <load_address>0x11c7</load_address>
         <run_address>0x11c7</run_address>
         <size>0x76</size>
         <input_file_ref idref="fl-2"/>
      </object_component>
      <object_component id="oc-a4">
         <name>.debug_line</name>
         <load_address>0x123d</load_address>
         <run_address>0x123d</run_address>
         <size>0x73</size>
         <input_file_ref idref="fl-2"/>
      </object_component>
      <object_component id="oc-b2">
         <name>.debug_line</name>
         <load_address>0x12b0</load_address>
         <run_address>0x12b0</run_address>
         <size>0x8b</size>
         <input_file_ref idref="fl-2"/>
      </object_component>
      <object_component id="oc-140">
         <name>.debug_line</name>
         <load_address>0x133b</load_address>
         <run_address>0x133b</run_address>
         <size>0x6e</size>
         <input_file_ref idref="fl-2"/>
      </object_component>
      <object_component id="oc-9f">
         <name>.debug_line</name>
         <load_address>0x13a9</load_address>
         <run_address>0x13a9</run_address>
         <size>0xa1</size>
         <input_file_ref idref="fl-2"/>
      </object_component>
      <object_component id="oc-14a">
         <name>.debug_line</name>
         <load_address>0x144a</load_address>
         <run_address>0x144a</run_address>
         <size>0x8e</size>
         <input_file_ref idref="fl-2"/>
      </object_component>
      <object_component id="oc-c0">
         <name>.debug_line</name>
         <load_address>0x14d8</load_address>
         <run_address>0x14d8</run_address>
         <size>0x41</size>
         <input_file_ref idref="fl-3"/>
      </object_component>
      <object_component id="oc-45">
         <name>.debug_line</name>
         <load_address>0x1519</load_address>
         <run_address>0x1519</run_address>
         <size>0x41</size>
         <input_file_ref idref="fl-3"/>
      </object_component>
      <object_component id="oc-2c">
         <name>.debug_line</name>
         <load_address>0x155a</load_address>
         <run_address>0x155a</run_address>
         <size>0xa1</size>
         <input_file_ref idref="fl-3"/>
      </object_component>
      <object_component id="oc-178">
         <name>.debug_line</name>
         <load_address>0x15fb</load_address>
         <run_address>0x15fb</run_address>
         <size>0x4d</size>
         <input_file_ref idref="fl-4"/>
      </object_component>
      <object_component id="oc-159">
         <name>.debug_line</name>
         <load_address>0x1648</load_address>
         <run_address>0x1648</run_address>
         <size>0x20</size>
         <input_file_ref idref="fl-5"/>
      </object_component>
      <object_component id="oc-157">
         <name>.debug_line</name>
         <load_address>0x1668</load_address>
         <run_address>0x1668</run_address>
         <size>0x3f</size>
         <input_file_ref idref="fl-5"/>
      </object_component>
      <object_component id="oc-3c">
         <name>.debug_line</name>
         <load_address>0x16a7</load_address>
         <run_address>0x16a7</run_address>
         <size>0x1cb</size>
         <input_file_ref idref="fl-5"/>
      </object_component>
      <object_component id="oc-2ae">
         <name>.debug_line</name>
         <load_address>0x1872</load_address>
         <run_address>0x1872</run_address>
         <size>0x94</size>
         <input_file_ref idref="fl-6"/>
      </object_component>
      <object_component id="oc-18a">
         <name>.debug_line</name>
         <load_address>0x1906</load_address>
         <run_address>0x1906</run_address>
         <size>0xc0</size>
         <input_file_ref idref="fl-6"/>
      </object_component>
      <object_component id="oc-190">
         <name>.debug_line</name>
         <load_address>0x19c6</load_address>
         <run_address>0x19c6</run_address>
         <size>0x8d</size>
         <input_file_ref idref="fl-7"/>
      </object_component>
      <object_component id="oc-15d">
         <name>.debug_line</name>
         <load_address>0x1a53</load_address>
         <run_address>0x1a53</run_address>
         <size>0x20</size>
         <input_file_ref idref="fl-8"/>
      </object_component>
      <object_component id="oc-15b">
         <name>.debug_line</name>
         <load_address>0x1a73</load_address>
         <run_address>0x1a73</run_address>
         <size>0x42</size>
         <input_file_ref idref="fl-8"/>
      </object_component>
      <object_component id="oc-43">
         <name>.debug_line</name>
         <load_address>0x1ab5</load_address>
         <run_address>0x1ab5</run_address>
         <size>0x846</size>
         <input_file_ref idref="fl-8"/>
      </object_component>
      <object_component id="oc-123">
         <name>.debug_line</name>
         <load_address>0x22fb</load_address>
         <run_address>0x22fb</run_address>
         <size>0x69</size>
         <input_file_ref idref="fl-9"/>
      </object_component>
      <object_component id="oc-2bb">
         <name>.debug_line</name>
         <load_address>0x2364</load_address>
         <run_address>0x2364</run_address>
         <size>0x20</size>
         <input_file_ref idref="fl-a"/>
      </object_component>
      <object_component id="oc-196">
         <name>.debug_line</name>
         <load_address>0x2384</load_address>
         <run_address>0x2384</run_address>
         <size>0x118</size>
         <input_file_ref idref="fl-a"/>
      </object_component>
      <object_component id="oc-2a7">
         <name>.debug_line</name>
         <load_address>0x249c</load_address>
         <run_address>0x249c</run_address>
         <size>0x1ef</size>
         <input_file_ref idref="fl-b"/>
      </object_component>
      <object_component id="oc-17e">
         <name>.debug_line</name>
         <load_address>0x268b</load_address>
         <run_address>0x268b</run_address>
         <size>0x2e7</size>
         <input_file_ref idref="fl-b"/>
      </object_component>
      <object_component id="oc-1e5">
         <name>.debug_line</name>
         <load_address>0x2972</load_address>
         <run_address>0x2972</run_address>
         <size>0x6e</size>
         <input_file_ref idref="fl-b"/>
      </object_component>
      <object_component id="oc-1f4">
         <name>.debug_line</name>
         <load_address>0x29e0</load_address>
         <run_address>0x29e0</run_address>
         <size>0x92</size>
         <input_file_ref idref="fl-b"/>
      </object_component>
      <object_component id="oc-2ab">
         <name>.debug_line</name>
         <load_address>0x2a72</load_address>
         <run_address>0x2a72</run_address>
         <size>0x3c</size>
         <input_file_ref idref="fl-b"/>
      </object_component>
      <object_component id="oc-24c">
         <name>.debug_line</name>
         <load_address>0x2aae</load_address>
         <run_address>0x2aae</run_address>
         <size>0x96</size>
         <input_file_ref idref="fl-b"/>
      </object_component>
      <object_component id="oc-294">
         <name>.debug_line</name>
         <load_address>0x2b44</load_address>
         <run_address>0x2b44</run_address>
         <size>0x20</size>
         <input_file_ref idref="fl-c"/>
      </object_component>
      <object_component id="oc-10a">
         <name>.debug_line</name>
         <load_address>0x2b64</load_address>
         <run_address>0x2b64</run_address>
         <size>0xe7</size>
         <input_file_ref idref="fl-c"/>
      </object_component>
      <object_component id="oc-2a0">
         <name>.debug_line</name>
         <load_address>0x2c4b</load_address>
         <run_address>0x2c4b</run_address>
         <size>0x1ef</size>
         <input_file_ref idref="fl-d"/>
      </object_component>
      <object_component id="oc-172">
         <name>.debug_line</name>
         <load_address>0x2e3a</load_address>
         <run_address>0x2e3a</run_address>
         <size>0x79b</size>
         <input_file_ref idref="fl-d"/>
      </object_component>
      <object_component id="oc-2a4">
         <name>.debug_line</name>
         <load_address>0x35d5</load_address>
         <run_address>0x35d5</run_address>
         <size>0x35</size>
         <input_file_ref idref="fl-d"/>
      </object_component>
      <object_component id="oc-244">
         <name>.debug_line</name>
         <load_address>0x360a</load_address>
         <run_address>0x360a</run_address>
         <size>0x8f</size>
         <input_file_ref idref="fl-d"/>
      </object_component>
      <object_component id="oc-1ea">
         <name>.debug_line</name>
         <load_address>0x3699</load_address>
         <run_address>0x3699</run_address>
         <size>0x77</size>
         <input_file_ref idref="fl-d"/>
      </object_component>
      <object_component id="oc-1dc">
         <name>.debug_line</name>
         <load_address>0x3710</load_address>
         <run_address>0x3710</run_address>
         <size>0x311</size>
         <input_file_ref idref="fl-e"/>
      </object_component>
      <object_component id="oc-fa">
         <name>.debug_line</name>
         <load_address>0x3a21</load_address>
         <run_address>0x3a21</run_address>
         <size>0x35</size>
         <input_file_ref idref="fl-e"/>
      </object_component>
      <object_component id="oc-207">
         <name>.debug_line</name>
         <load_address>0x3a56</load_address>
         <run_address>0x3a56</run_address>
         <size>0x35</size>
         <input_file_ref idref="fl-e"/>
      </object_component>
      <object_component id="oc-23d">
         <name>.debug_line</name>
         <load_address>0x3a8b</load_address>
         <run_address>0x3a8b</run_address>
         <size>0x35</size>
         <input_file_ref idref="fl-e"/>
      </object_component>
      <object_component id="oc-23f">
         <name>.debug_line</name>
         <load_address>0x3ac0</load_address>
         <run_address>0x3ac0</run_address>
         <size>0x35</size>
         <input_file_ref idref="fl-e"/>
      </object_component>
      <object_component id="oc-23b">
         <name>.debug_line</name>
         <load_address>0x3af5</load_address>
         <run_address>0x3af5</run_address>
         <size>0x35</size>
         <input_file_ref idref="fl-e"/>
      </object_component>
      <object_component id="oc-226">
         <name>.debug_line</name>
         <load_address>0x3b2a</load_address>
         <run_address>0x3b2a</run_address>
         <size>0x35</size>
         <input_file_ref idref="fl-e"/>
      </object_component>
      <object_component id="oc-209">
         <name>.debug_line</name>
         <load_address>0x3b5f</load_address>
         <run_address>0x3b5f</run_address>
         <size>0x35</size>
         <input_file_ref idref="fl-e"/>
      </object_component>
      <object_component id="oc-20b">
         <name>.debug_line</name>
         <load_address>0x3b94</load_address>
         <run_address>0x3b94</run_address>
         <size>0x35</size>
         <input_file_ref idref="fl-e"/>
      </object_component>
      <object_component id="oc-239">
         <name>.debug_line</name>
         <load_address>0x3bc9</load_address>
         <run_address>0x3bc9</run_address>
         <size>0x35</size>
         <input_file_ref idref="fl-e"/>
      </object_component>
      <object_component id="oc-8c">
         <name>.debug_line</name>
         <load_address>0x3bfe</load_address>
         <run_address>0x3bfe</run_address>
         <size>0xc2f</size>
         <input_file_ref idref="fl-e"/>
      </object_component>
      <object_component id="oc-ff">
         <name>.debug_line</name>
         <load_address>0x482d</load_address>
         <run_address>0x482d</run_address>
         <size>0x8e</size>
         <input_file_ref idref="fl-e"/>
      </object_component>
      <object_component id="oc-1ef">
         <name>.debug_line</name>
         <load_address>0x48bb</load_address>
         <run_address>0x48bb</run_address>
         <size>0x35</size>
         <input_file_ref idref="fl-e"/>
      </object_component>
      <object_component id="oc-29e">
         <name>.debug_line</name>
         <load_address>0x48f0</load_address>
         <run_address>0x48f0</run_address>
         <size>0x25e</size>
         <input_file_ref idref="fl-f"/>
      </object_component>
      <object_component id="oc-29a">
         <name>.debug_line</name>
         <load_address>0x4b4e</load_address>
         <run_address>0x4b4e</run_address>
         <size>0x36</size>
         <input_file_ref idref="fl-f"/>
      </object_component>
      <object_component id="oc-29c">
         <name>.debug_line</name>
         <load_address>0x4b84</load_address>
         <run_address>0x4b84</run_address>
         <size>0x36</size>
         <input_file_ref idref="fl-f"/>
      </object_component>
      <object_component id="oc-298">
         <name>.debug_line</name>
         <load_address>0x4bba</load_address>
         <run_address>0x4bba</run_address>
         <size>0x36</size>
         <input_file_ref idref="fl-f"/>
      </object_component>
      <object_component id="oc-296">
         <name>.debug_line</name>
         <load_address>0x4bf0</load_address>
         <run_address>0x4bf0</run_address>
         <size>0x36</size>
         <input_file_ref idref="fl-f"/>
      </object_component>
      <object_component id="oc-11d">
         <name>.debug_line</name>
         <load_address>0x4c26</load_address>
         <run_address>0x4c26</run_address>
         <size>0x4cf</size>
         <input_file_ref idref="fl-f"/>
      </object_component>
      <object_component id="oc-222">
         <name>.debug_line</name>
         <load_address>0x50f5</load_address>
         <run_address>0x50f5</run_address>
         <size>0x36</size>
         <input_file_ref idref="fl-f"/>
      </object_component>
      <object_component id="oc-21c">
         <name>.debug_line</name>
         <load_address>0x512b</load_address>
         <run_address>0x512b</run_address>
         <size>0x90</size>
         <input_file_ref idref="fl-f"/>
      </object_component>
      <object_component id="oc-13c">
         <name>.debug_line</name>
         <load_address>0x51bb</load_address>
         <run_address>0x51bb</run_address>
         <size>0xb8</size>
         <input_file_ref idref="fl-10"/>
      </object_component>
      <object_component id="oc-102">
         <name>.debug_line</name>
         <load_address>0x5273</load_address>
         <run_address>0x5273</run_address>
         <size>0x4a</size>
         <input_file_ref idref="fl-10"/>
      </object_component>
      <object_component id="oc-13a">
         <name>.debug_line</name>
         <load_address>0x52bd</load_address>
         <run_address>0x52bd</run_address>
         <size>0x4a</size>
         <input_file_ref idref="fl-10"/>
      </object_component>
      <object_component id="oc-36">
         <name>.debug_line</name>
         <load_address>0x5307</load_address>
         <run_address>0x5307</run_address>
         <size>0x189</size>
         <input_file_ref idref="fl-10"/>
      </object_component>
      <object_component id="oc-31">
         <name>.debug_line</name>
         <load_address>0x5490</load_address>
         <run_address>0x5490</run_address>
         <size>0xdf</size>
         <input_file_ref idref="fl-11"/>
      </object_component>
      <object_component id="oc-292">
         <name>.debug_line</name>
         <load_address>0x556f</load_address>
         <run_address>0x556f</run_address>
         <size>0xdc</size>
         <input_file_ref idref="fl-12"/>
      </object_component>
      <object_component id="oc-290">
         <name>.debug_line</name>
         <load_address>0x564b</load_address>
         <run_address>0x564b</run_address>
         <size>0x47</size>
         <input_file_ref idref="fl-12"/>
      </object_component>
      <object_component id="oc-287">
         <name>.debug_line</name>
         <load_address>0x5692</load_address>
         <run_address>0x5692</run_address>
         <size>0x47</size>
         <input_file_ref idref="fl-12"/>
      </object_component>
      <object_component id="oc-28e">
         <name>.debug_line</name>
         <load_address>0x56d9</load_address>
         <run_address>0x56d9</run_address>
         <size>0x47</size>
         <input_file_ref idref="fl-12"/>
      </object_component>
      <object_component id="oc-285">
         <name>.debug_line</name>
         <load_address>0x5720</load_address>
         <run_address>0x5720</run_address>
         <size>0x47</size>
         <input_file_ref idref="fl-12"/>
      </object_component>
      <object_component id="oc-104">
         <name>.debug_line</name>
         <load_address>0x5767</load_address>
         <run_address>0x5767</run_address>
         <size>0x151</size>
         <input_file_ref idref="fl-12"/>
      </object_component>
      <object_component id="oc-28b">
         <name>.debug_line</name>
         <load_address>0x58b8</load_address>
         <run_address>0x58b8</run_address>
         <size>0x47</size>
         <input_file_ref idref="fl-12"/>
      </object_component>
      <object_component id="oc-56">
         <name>.debug_line</name>
         <load_address>0x58ff</load_address>
         <run_address>0x58ff</run_address>
         <size>0x88</size>
         <input_file_ref idref="fl-cc"/>
      </object_component>
      <object_component id="oc-df">
         <name>.debug_line</name>
         <load_address>0x5987</load_address>
         <run_address>0x5987</run_address>
         <size>0x79</size>
         <input_file_ref idref="fl-cd"/>
      </object_component>
      <object_component id="oc-261">
         <name>.debug_line</name>
         <load_address>0x5a00</load_address>
         <run_address>0x5a00</run_address>
         <size>0x68</size>
         <input_file_ref idref="fl-ce"/>
      </object_component>
      <object_component id="oc-2b8">
         <name>.debug_line</name>
         <load_address>0x5a68</load_address>
         <run_address>0x5a68</run_address>
         <size>0x81</size>
         <input_file_ref idref="fl-cf"/>
      </object_component>
      <object_component id="oc-16b">
         <name>.debug_line</name>
         <load_address>0x5ae9</load_address>
         <run_address>0x5ae9</run_address>
         <size>0x92</size>
         <input_file_ref idref="fl-d0"/>
      </object_component>
      <object_component id="oc-65">
         <name>.debug_line</name>
         <load_address>0x5b7b</load_address>
         <run_address>0x5b7b</run_address>
         <size>0x53</size>
         <input_file_ref idref="fl-d0"/>
      </object_component>
      <object_component id="oc-d8">
         <name>.debug_line</name>
         <load_address>0x5bce</load_address>
         <run_address>0x5bce</run_address>
         <size>0x34</size>
         <input_file_ref idref="fl-d0"/>
      </object_component>
      <object_component id="oc-168">
         <name>.debug_line</name>
         <load_address>0x5c02</load_address>
         <run_address>0x5c02</run_address>
         <size>0x92</size>
         <input_file_ref idref="fl-d0"/>
      </object_component>
      <object_component id="oc-d3">
         <name>.debug_line</name>
         <load_address>0x5c94</load_address>
         <run_address>0x5c94</run_address>
         <size>0x20</size>
         <input_file_ref idref="fl-d1"/>
      </object_component>
      <object_component id="oc-1f">
         <name>.debug_line</name>
         <load_address>0x5cb4</load_address>
         <run_address>0x5cb4</run_address>
         <size>0x55</size>
         <input_file_ref idref="fl-d1"/>
      </object_component>
      <object_component id="oc-5b">
         <name>.debug_line</name>
         <load_address>0x5d09</load_address>
         <run_address>0x5d09</run_address>
         <size>0x3a</size>
         <input_file_ref idref="fl-d1"/>
      </object_component>
      <object_component id="oc-d0">
         <name>.debug_line</name>
         <load_address>0x5d43</load_address>
         <run_address>0x5d43</run_address>
         <size>0x92</size>
         <input_file_ref idref="fl-d1"/>
      </object_component>
      <object_component id="oc-164">
         <name>.debug_line</name>
         <load_address>0x5dd5</load_address>
         <run_address>0x5dd5</run_address>
         <size>0x20</size>
         <input_file_ref idref="fl-d2"/>
      </object_component>
      <object_component id="oc-1a">
         <name>.debug_line</name>
         <load_address>0x5df5</load_address>
         <run_address>0x5df5</run_address>
         <size>0xa9</size>
         <input_file_ref idref="fl-d2"/>
      </object_component>
      <object_component id="oc-4b">
         <name>.debug_line</name>
         <load_address>0x5e9e</load_address>
         <run_address>0x5e9e</run_address>
         <size>0x3a</size>
         <input_file_ref idref="fl-d2"/>
      </object_component>
      <object_component id="oc-161">
         <name>.debug_line</name>
         <load_address>0x5ed8</load_address>
         <run_address>0x5ed8</run_address>
         <size>0x9a</size>
         <input_file_ref idref="fl-d2"/>
      </object_component>
      <object_component id="oc-c9">
         <name>.debug_line</name>
         <load_address>0x5f72</load_address>
         <run_address>0x5f72</run_address>
         <size>0x96</size>
         <input_file_ref idref="fl-d2"/>
      </object_component>
      <object_component id="oc-83">
         <name>.debug_line</name>
         <load_address>0x6008</load_address>
         <run_address>0x6008</run_address>
         <size>0x33</size>
         <input_file_ref idref="fl-d3"/>
      </object_component>
      <object_component id="oc-74">
         <name>.debug_line</name>
         <load_address>0x603b</load_address>
         <run_address>0x603b</run_address>
         <size>0x45</size>
         <input_file_ref idref="fl-d3"/>
      </object_component>
      <object_component id="oc-2b0">
         <name>.debug_line</name>
         <load_address>0x6080</load_address>
         <run_address>0x6080</run_address>
         <size>0x37</size>
         <input_file_ref idref="fl-d4"/>
      </object_component>
      <object_component id="oc-2cb">
         <name>.debug_line</name>
         <load_address>0x60b7</load_address>
         <run_address>0x60b7</run_address>
         <size>0xbf</size>
         <input_file_ref idref="fl-d5"/>
      </object_component>
      <object_component id="oc-1ab">
         <name>.debug_line</name>
         <load_address>0x6176</load_address>
         <run_address>0x6176</run_address>
         <size>0x6f</size>
         <input_file_ref idref="fl-d5"/>
      </object_component>
      <object_component id="oc-2cf">
         <name>.debug_line</name>
         <load_address>0x61e5</load_address>
         <run_address>0x61e5</run_address>
         <size>0x2e</size>
         <input_file_ref idref="fl-d5"/>
      </object_component>
      <object_component id="oc-2e5">
         <name>.debug_line</name>
         <load_address>0x6213</load_address>
         <run_address>0x6213</run_address>
         <size>0x9a</size>
         <input_file_ref idref="fl-d5"/>
      </object_component>
[...]
      </symbol>
      <symbol id="sm-5d8">
         <name>xQueueIsQueueFullFromISR</name>
         <value>0x4ae9</value>
         <object_component_ref idref="oc-16e"/>
      </symbol>
      <symbol id="sm-5d9">
         <name>xQueueGenericCreate</name>
         <value>0x3c2d</value>
         <object_component_ref idref="oc-16e"/>
      </symbol>
      <symbol id="sm-5da">
         <name>xQueueCreateMutex</name>
         <value>0x3d13</value>
         <object_component_ref idref="oc-16e"/>
      </symbol>
      <symbol id="sm-5db">
         <name>xQueueGenericSend</name>
         <value>0x3d89</value>
         <object_component_ref idref="oc-16e"/>
      </symbol>
      <symbol id="sm-5dc">
         <name>xQueueGenericReset</name>
         <value>0x3b2d</value>
         <object_component_ref idref="oc-16e"/>
      </symbol>
      <symbol id="sm-5dd">
         <name>xQueueReceiveFromISR</name>
         <value>0x4643</value>
         <object_component_ref idref="oc-16e"/>
      </symbol>
      <symbol id="sm-5de">
         <name>uxQueueSpacesAvailable</name>
         <value>0x4823</value>
         <object_component_ref idref="oc-16e"/>
      </symbol>
      <symbol id="sm-5df">
         <name>xQueueSemaphoreTake</name>
         <value>0x430f</value>
         <object_component_ref idref="oc-16e"/>
      </symbol>
      <symbol id="sm-5e0">
         <name>xQueueGiveFromISR</name>
         <value>0x4079</value>
         <object_component_ref idref="oc-16e"/>
      </symbol>
      <symbol id="sm-5e1">
         <name>uxQueueMessagesWaitingFromISR</name>
         <value>0x4857</value>
         <object_component_ref idref="oc-16e"/>
      </symbol>
      <symbol id="sm-5e2">
         <name>xQueueCreateCountingSemaphore</name>
         <value>0x3d3f</value>
         <object_component_ref idref="oc-16e"/>
      </symbol>
      <symbol id="sm-5e3">
         <name>vQueueWaitForMessageRestricted</name>
         <value>0x4b23</value>
         <object_component_ref idref="oc-16e"/>
      </symbol>
      <symbol id="sm-5e4">
         <name>vQueueDelete</name>
         <value>0x4881</value>
         <object_component_ref idref="oc-16e"/>
      </symbol>
      <symbol id="sm-5e5">
         <name>xQueuePeek</name>
         <value>0x44c5</value>
         <object_component_ref idref="oc-16e"/>
      </symbol>
      <symbol id="sm-5e6">
         <name>xQueueReceive</name>
         <value>0x4197</value>
         <object_component_ref idref="oc-16e"/>
      </symbol>
      <symbol id="sm-863">
         <name>vTaskDelay</name>
         <value>0x685</value>
         <object_component_ref idref="oc-8b"/>
      </symbol>
      <symbol id="sm-864">
         <name>vTaskSuspendAll</name>
         <value>0xad5</value>
         <object_component_ref idref="oc-8b"/>
      </symbol>
      <symbol id="sm-865">
         <name>vTaskPlaceOnEventList</name>
         <value>0x10ef</value>
         <object_component_ref idref="oc-8b"/>
      </symbol>
      <symbol id="sm-866">
         <name>pcTaskGetName</name>
         <value>0xcd1</value>
         <object_component_ref idref="oc-8b"/>
      </symbol>
      <symbol id="sm-867">
         <name>xTaskCheckForTimeOut</name>
         <value>0x1551</value>
         <object_component_ref idref="oc-8b"/>
      </symbol>
      <symbol id="sm-868">
         <name>vTaskGenericNotifyGiveFromISR</name>
         <value>0x2105</value>
         <object_component_ref idref="oc-8b"/>
      </symbol>
      <symbol id="sm-869">
         <name>vTaskRemoveFromUnorderedEventList</name>
         <value>0x13bd</value>
         <object_component_ref idref="oc-8b"/>
      </symbol>
      <symbol id="sm-86a">
         <name>xTaskPriorityDisinherit</name>
         <value>0x188d</value>
         <object_component_ref idref="oc-8b"/>
      </symbol>
      <symbol id="sm-86b">
         <name>vTaskStartScheduler</name>
         <value>0xa29</value>
         <object_component_ref idref="oc-8b"/>
      </symbol>
      <symbol id="sm-86c">
         <name>vTaskInternalSetTimeOutState</name>
         <value>0x1529</value>
         <object_component_ref idref="oc-8b"/>
      </symbol>
      <symbol id="sm-86d">
         <name>pvTaskIncrementMutexHeldCount</name>
         <value>0x1b0d</value>
         <object_component_ref idref="oc-8b"/>
      </symbol>
      <symbol id="sm-86e">
         <name>xTaskGenericNotifyStateClear</name>
         <value>0x22b5</value>
         <object_component_ref idref="oc-8b"/>
      </symbol>
      <symbol id="sm-86f">
         <name>xTaskGenericNotify</name>
         <value>0x1cc9</value>
         <object_component_ref idref="oc-8b"/>
      </symbol>
      <symbol id="sm-870">
         <name>vTaskPriorityDisinheritAfterTimeout</name>
         <value>0x19a1</value>
         <object_component_ref idref="oc-8b"/>
      </symbol>
      <symbol id="sm-871">
         <name>xTaskCreate</name>
         <value>0x26d</value>
         <object_component_ref idref="oc-8b"/>
      </symbol>
      <symbol id="sm-872">
         <name>xTaskGetApplicationTaskTagFromISR</name>
         <value>0xf9d</value>
         <object_component_ref idref="oc-8b"/>
      </symbol>
      <symbol id="sm-873">
         <name>xTaskDelayUntil</name>
         <value>0x593</value>
         <object_component_ref idref="oc-8b"/>
      </symbol>
      <symbol id="sm-874">
         <name>vTaskEndScheduler</name>
         <value>0xab9</value>
         <object_component_ref idref="oc-8b"/>
      </symbol>
      <symbol id="sm-875">
         <name>vTaskMissedYield</name>
         <value>0x15fd</value>
         <object_component_ref idref="oc-8b"/>
      </symbol>
      <symbol id="sm-876">
         <name>uxTaskGetNumberOfTasks</name>
         <value>0xcb9</value>
         <object_component_ref idref="oc-8b"/>
      </symbol>
      <symbol id="sm-877">
         <name>xTaskCatchUpTicks</name>
         <value>0xd15</value>
         <object_component_ref idref="oc-8b"/>
      </symbol>
      <symbol id="sm-878">
         <name>xTaskGenericNotifyFromISR</name>
         <value>0x1eaf</value>
         <object_component_ref idref="oc-8b"/>
      </symbol>
      <symbol id="sm-879">
         <name>xTaskResumeAll</name>
         <value>0xae9</value>
         <object_component_ref idref="oc-8b"/>
      </symbol>
      <symbol id="sm-87a">
         <name>vTaskSetApplicationTaskTag</name>
         <value>0xf4f</value>
         <object_component_ref idref="oc-8b"/>
      </symbol>
      <symbol id="sm-87b">
         <name>xTaskGetTickCount</name>
         <value>0xc95</value>
         <object_component_ref idref="oc-8b"/>
      </symbol>
      <symbol id="sm-87c">
         <name>ulTaskGenericNotifyTake</name>
         <value>0x1b25</value>
         <object_component_ref idref="oc-8b"/>
      </symbol>
      <symbol id="sm-87d">
         <name>vTaskDelete</name>
         <value>0x4bf</value>
         <object_component_ref idref="oc-8b"/>
      </symbol>
      <symbol id="sm-87e">
         <name>xTaskGetApplicationTaskTag</name>
         <value>0xf75</value>
         <object_component_ref idref="oc-8b"/>
      </symbol>
      <symbol id="sm-87f">
         <name>xTaskCallApplicationTaskHook</name>
         <value>0xfd7</value>
         <object_component_ref idref="oc-8b"/>
      </symbol>
      <symbol id="sm-880">
         <name>ulTaskGenericNotifyValueClear</name>
         <value>0x231d</value>
         <object_component_ref idref="oc-8b"/>
      </symbol>
      <symbol id="sm-881">
         <name>xTaskGenericNotifyWait</name>
         <value>0x1be1</value>
         <object_component_ref idref="oc-8b"/>
      </symbol>
      <symbol id="sm-882">
         <name>pxCurrentTCB</name>
         <value>0x20005e58</value>
         <object_component_ref idref="oc-85"/>
      </symbol>
      <symbol id="sm-883">
         <name>vTaskSuspend</name>
         <value>0x6e9</value>
         <object_component_ref idref="oc-8b"/>
      </symbol>
      <symbol id="sm-884">
         <name>xTaskGetTickCountFromISR</name>
         <value>0xca5</value>
         <object_component_ref idref="oc-8b"/>
      </symbol>
      <symbol id="sm-885">
         <name>vTaskResume</name>
         <value>0x849</value>
         <object_component_ref idref="oc-8b"/>
      </symbol>
      <symbol id="sm-886">
         <name>uxTopUsedPriority</name>
         <value>0x77ac</value>
         <object_component_ref idref="oc-12a"/>
      </symbol>
      <symbol id="sm-887">
         <name>vTaskPlaceOnEventListRestricted</name>
         <value>0x11d1</value>
         <object_component_ref idref="oc-8b"/>
      </symbol>
      <symbol id="sm-888">
         <name>vTaskSetTimeOutState</name>
         <value>0x14f7</value>
         <object_component_ref idref="oc-8b"/>
      </symbol>
      <symbol id="sm-889">
         <name>xTaskIncrementTick</name>
         <value>0xd79</value>
         <object_component_ref idref="oc-8b"/>
      </symbol>
      <symbol id="sm-88a">
         <name>vTaskSwitchContext</name>
         <value>0x1025</value>
         <object_component_ref idref="oc-8b"/>
      </symbol>
      <symbol id="sm-88b">
         <name>uxTaskResetEventItemValue</name>
         <value>0x1aeb</value>
         <object_component_ref idref="oc-8b"/>
      </symbol>
      <symbol id="sm-88c">
         <name>xTaskGetSchedulerState</name>
         <value>0x1719</value>
         <object_component_ref idref="oc-8b"/>
      </symbol>
      <symbol id="sm-88d">
         <name>xTaskResumeFromISR</name>
         <value>0x921</value>
         <object_component_ref idref="oc-8b"/>
      </symbol>
      <symbol id="sm-88e">
         <name>xTaskGetCurrentTaskHandle</name>
         <value>0x1709</value>
         <object_component_ref idref="oc-8b"/>
      </symbol>
      <symbol id="sm-88f">
         <name>vTaskPlaceOnUnorderedEventList</name>
         <value>0x112d</value>
         <object_component_ref idref="oc-8b"/>
      </symbol>
      <symbol id="sm-890">
         <name>xTaskRemoveFromEventList</name>
         <value>0x1251</value>
         <object_component_ref idref="oc-8b"/>
      </symbol>
      <symbol id="sm-891">
         <name>xTaskPriorityInherit</name>
         <value>0x1749</value>
         <object_component_ref idref="oc-8b"/>
      </symbol>
      <symbol id="sm-958">
         <name>xTimerGetTimerDaemonTaskHandle</name>
         <value>0x5a69</value>
         <object_component_ref idref="oc-118"/>
      </symbol>
      <symbol id="sm-959">
         <name>pcTimerGetName</name>
         <value>0x5b71</value>
         <object_component_ref idref="oc-118"/>
      </symbol>
      <symbol id="sm-95a">
         <name>xTimerCreateTimerTask</name>
         <value>0x590d</value>
         <object_component_ref idref="oc-118"/>
      </symbol>
      <symbol id="sm-95b">
         <name>xTimerGetExpiryTime</name>
         <value>0x5b43</value>
         <object_component_ref idref="oc-118"/>
      </symbol>
      <symbol id="sm-95c">
         <name>xTimerIsTimerActive</name>
         <value>0x5f99</value>
         <object_component_ref idref="oc-118"/>
      </symbol>
      <symbol id="sm-95d">
         <name>xTimerGetPeriod</name>
         <value>0x5a8b</value>
         <object_component_ref idref="oc-118"/>
      </symbol>
      <symbol id="sm-95e">
         <name>xTimerGetReloadMode</name>
         <value>0x5afb</value>
         <object_component_ref idref="oc-118"/>
      </symbol>
      <symbol id="sm-95f">
         <name>xTimerCreate</name>
         <value>0x594b</value>
         <object_component_ref idref="oc-118"/>
      </symbol>
      <symbol id="sm-960">
         <name>vTimerSetReloadMode</name>
         <value>0x5ab1</value>
         <object_component_ref idref="oc-118"/>
      </symbol>
      <symbol id="sm-961">
         <name>xTimerGenericCommand</name>
         <value>0x59e9</value>
         <object_component_ref idref="oc-118"/>
      </symbol>
      <symbol id="sm-962">
         <name>uxTimerGetReloadMode</name>
         <value>0x5b37</value>
         <object_component_ref idref="oc-118"/>
      </symbol>
      <symbol id="sm-963">
         <name>pvTimerGetTimerID</name>
         <value>0x5fd5</value>
         <object_component_ref idref="oc-118"/>
      </symbol>
      <symbol id="sm-964">
         <name>xTimerPendFunctionCallFromISR</name>
         <value>0x6031</value>
         <object_component_ref idref="oc-118"/>
      </symbol>
      <symbol id="sm-965">
         <name>xTimerPendFunctionCall</name>
         <value>0x6067</value>
         <object_component_ref idref="oc-118"/>
      </symbol>
      <symbol id="sm-966">
         <name>vTimerSetTimerID</name>
         <value>0x6003</value>
         <object_component_ref idref="oc-118"/>
      </symbol>
      <symbol id="sm-9b7">
         <name>ulMaxSyscallInterruptPriority</name>
         <value>0x77a4</value>
         <object_component_ref idref="oc-88"/>
      </symbol>
      <symbol id="sm-9b8">
         <name>vPortSetupTimerInterrupt</name>
         <value>0x6bbd</value>
         <object_component_ref idref="oc-32"/>
      </symbol>
      <symbol id="sm-9b9">
         <name>vPortEndScheduler</name>
         <value>0x6b05</value>
         <object_component_ref idref="oc-32"/>
      </symbol>
      <symbol id="sm-9ba">
         <name>xPortSysTickHandler</name>
         <value>0x6b97</value>
         <object_component_ref idref="oc-32"/>
      </symbol>
      <symbol id="sm-9bb">
         <name>vPortValidateInterruptPriority</name>
         <value>0x6bd7</value>
         <object_component_ref idref="oc-32"/>
      </symbol>
      <symbol id="sm-9bc">
         <name>pxPortInitialiseStack</name>
         <value>0x69c1</value>
         <object_component_ref idref="oc-32"/>
      </symbol>
      <symbol id="sm-9bd">
         <name>vPortExitCritical</name>
         <value>0x6b6b</value>
         <object_component_ref idref="oc-32"/>
      </symbol>
      <symbol id="sm-9be">
         <name>xPortStartScheduler</name>
         <value>0x6a4d</value>
         <object_component_ref idref="oc-32"/>
      </symbol>
      <symbol id="sm-9bf">
         <name>vPortEnterCritical</name>
         <value>0x6b29</value>
         <object_component_ref idref="oc-32"/>
      </symbol>
      <symbol id="sm-9ce">
         <name>vPortStartFirstTask</name>
         <value>0x7295</value>
         <object_component_ref idref="oc-2d"/>
      </symbol>
      <symbol id="sm-9cf">
         <name>ulPortGetIPSR</name>
         <value>0x71fd</value>
         <object_component_ref idref="oc-2d"/>
      </symbol>
      <symbol id="sm-9d0">
         <name>vPortEnableVFP</name>
         <value>0x72b9</value>
         <object_component_ref idref="oc-2d"/>
      </symbol>
      <symbol id="sm-9d1">
         <name>xPortPendSVHandler</name>
         <value>0x7215</value>
         <object_component_ref idref="oc-2d"/>
      </symbol>
      <symbol id="sm-9d2">
         <name>vPortSVCHandler</name>
         <value>0x7275</value>
         <object_component_ref idref="oc-2d"/>
      </symbol>
      <symbol id="sm-a2a">
         <name>vPortInitialiseBlocks</name>
         <value>0x6e5f</value>
         <object_component_ref idref="oc-103"/>
      </symbol>
      <symbol id="sm-a2b">
         <name>xPortGetFreeHeapSize</name>
         <value>0x6e59</value>
         <object_component_ref idref="oc-103"/>
      </symbol>
      <symbol id="sm-a2c">
         <name>pvPortCalloc</name>
         <value>0x6e61</value>
         <object_component_ref idref="oc-103"/>
      </symbol>
      <symbol id="sm-a2d">
         <name>pvPortMalloc</name>
         <value>0x6c75</value>
         <object_component_ref idref="oc-103"/>
      </symbol>
      <symbol id="sm-a2e">
         <name>vPortFree</name>
         <value>0x6d9b</value>
         <object_component_ref idref="oc-103"/>
      </symbol>
      <symbol id="sm-a49">
         <name>memcpy</name>
         <value>0x7393</value>
         <object_component_ref idref="oc-52"/>
      </symbol>
      <symbol id="sm-a4a">
         <name>__aeabi_memcpy</name>
         <value>0x7393</value>
         <object_component_ref idref="oc-52"/>
      </symbol>
      <symbol id="sm-a4b">
         <name>__aeabi_memcpy8</name>
         <value>0x7393</value>
         <object_component_ref idref="oc-52"/>
      </symbol>
      <symbol id="sm-a4c">
         <name>__aeabi_memcpy4</name>
         <value>0x7393</value>
         <object_component_ref idref="oc-52"/>
      </symbol>
      <symbol id="sm-a5b">
         <name>__aeabi_memset</name>
         <value>0x74c7</value>
         <object_component_ref idref="oc-db"/>
      </symbol>
      <symbol id="sm-a5c">
         <name>memset</name>
         <value>0x74cd</value>
         <object_component_ref idref="oc-db"/>
      </symbol>
      <symbol id="sm-a5d">
         <name>__aeabi_memset8</name>
         <value>0x74c7</value>
         <object_component_ref idref="oc-db"/>
      </symbol>
      <symbol id="sm-a5e">
         <name>__aeabi_memset4</name>
         <value>0x74c7</value>
         <object_component_ref idref="oc-db"/>
      </symbol>
      <symbol id="sm-a5f">
         <name>__aeabi_memclr8</name>
         <value>0x74c5</value>
         <object_component_ref idref="oc-db"/>
      </symbol>
      <symbol id="sm-a60">
         <name>__aeabi_memclr4</name>
         <value>0x74c5</value>
         <object_component_ref idref="oc-db"/>
      </symbol>
      <symbol id="sm-a61">
         <name>__aeabi_memclr</name>
         <value>0x74c5</value>
         <object_component_ref idref="oc-db"/>
      </symbol>
      <symbol id="sm-a6f">
         <name>__aeabi_ldivmod</name>
         <value>0x753f</value>
         <object_component_ref idref="oc-25d"/>
      </symbol>
      <symbol id="sm-a7c">
         <name>__aeabi_uldivmod</name>
         <value>0x742f</value>
         <object_component_ref idref="oc-2b4"/>
      </symbol>
      <symbol id="sm-a93">
         <name>__TI_zero_init</name>
         <value>0x7783</value>
         <object_component_ref idref="oc-64"/>
      </symbol>
      <symbol id="sm-aaa">
         <name>__TI_decompress_none</name>
         <value>0x7775</value>
         <object_component_ref idref="oc-1b"/>
      </symbol>
      <symbol id="sm-acd">
         <name>__TI_decompress_lzss</name>
         <value>0x75ad</value>
         <object_component_ref idref="oc-15"/>
      </symbol>
      <symbol id="sm-ae0">
         <name>__stack</name>
         <value>0x20005c58</value>
         <object_component_ref idref="oc-24"/>
      </symbol>
      <symbol id="sm-ae1">
         <name>_c_int00_noargs</name>
         <value>0x7715</value>
         <object_component_ref idref="oc-70"/>
      </symbol>
      <symbol id="sm-aeb">
         <name>__aeabi_idiv0</name>
         <value>0x4b7f</value>
         <object_component_ref idref="oc-2af"/>
      </symbol>
      <symbol id="sm-aec">
         <name>__aeabi_ldiv0</name>
         <value>0x4b7f</value>
         <object_component_ref idref="oc-2af"/>
      </symbol>
      <symbol id="sm-b14">
         <name>__TI_auto_init_nobinit_nopinit</name>
         <value>0x76d1</value>
         <object_component_ref idref="oc-1a9"/>
      </symbol>
      <symbol id="sm-b1e">
         <name>_system_pre_init</name>
         <value>0x779b</value>
         <object_component_ref idref="oc-e1"/>
      </symbol>
      <symbol id="sm-b2a">
         <name>C$$EXIT</name>
         <value>0x779f</value>
         <object_component_ref idref="oc-19d"/>
      </symbol>
      <symbol id="sm-b2b">
         <name>abort</name>
         <value>0x779f</value>
         <object_component_ref idref="oc-19d"/>
      </symbol>
      <symbol id="sm-b2e">
         <name>__TI_static_base__</name>
         <value>0x0</value>
      </symbol>
      <symbol id="sm-b31">
         <name>__mpu_init</name>
         <value>0x0</value>
      </symbol>
      <symbol id="sm-b32">
         <name>_system_post_cinit</name>
         <value>0x0</value>
      </symbol>
   </symbol_table>
   <title>Link successful</title>
</link_info>
